
> saleship-community@1.0.0 build
> next build

   ▲ Next.js 15.5.12
   - Environments: .env.local

   Creating an optimized production build ...
 ✓ Compiled successfully in 2.6s
   Skipping linting
   Checking validity of types ...
   Collecting page data ...
   Generating static pages (0/80) ...
   Generating static pages (20/80) 
   Generating static pages (40/80) 
   Generating static pages (60/80) 
 ✓ Generating static pages (80/80)
   Finalizing page optimization ...
   Collecting build traces ...
   Exporting (0/2) ...
 ✓ Exporting (2/2)

Route (app)                                 Size  First Load JS
┌ ○ /                                    8.68 kB         172 kB
├ ○ /_not-found                            996 B         104 kB
├ ○ /about                                 179 B         103 kB
├ ○ /board                                 132 B         169 kB
├ ● /board/[category]                      132 B         169 kB
├   ├ /board/fashion
├   ├ /board/food
├   ├ /board/beauty
├   └ [+8 more paths]
├ ○ /contact                             2.29 kB         105 kB
├ ○ /faq                                   179 B         103 kB
├ ○ /free                                  133 B         169 kB
├ ○ /guide                                 179 B         103 kB
├ ○ /login                                 15 kB         172 kB
├ ● /post/[id]                           1.27 kB         104 kB
├   ├ /post/2
├   ├ /post/3
├   ├ /post/4
├   └ [+47 more paths]
├ ○ /privacy                               179 B         103 kB
├ ○ /profile                             2.93 kB         157 kB
├ ○ /review                                132 B         169 kB
├ ○ /robots.txt                            131 B         103 kB
├ ○ /saved                               4.24 kB         167 kB
├ ○ /sitemap.xml                           131 B         103 kB
├ ○ /terms                                 179 B         103 kB
└ ○ /write                               3.31 kB         110 kB
+ First Load JS shared by all             103 kB
  ├ chunks/493-9c96e7b5e2ec8419.js       46.1 kB
  ├ chunks/4bd1b696-c023c6e3521b1417.js  54.2 kB
  └ other shared chunks (total)           2.6 kB


○  (Static)  prerendered as static content
●  (SSG)     prerendered as static HTML (uses generateStaticParams)

