
> saleship-community@1.0.0 build
> next build

   ??Next.js 15.5.12
   - Environments: .env.local

   Creating an optimized production build ...
node.exe : Failed to co
mpile.
위치 줄:1 문자:1
+ & "C:\Program Files\n
odejs/node.exe" "C:\Pro
gram Files\nodejs/node_
mo ...
+ ~~~~~~~~~~~~~~~~~~~~~
~~~~~~~~~~~~~~~~~~~~~~~
~~~~~~~~~~~~~~~~~~~~~~~
~~
    + CategoryInfo     
         : NotSpecifi  
  ed: (Failed to com   
 pile.:String) [],     
RemoteException
    + FullyQualifiedEr 
   rorId : NativeComm  
  andError
 

./src/app/page.tsx
Error:   [31mx[0m You
're importing a compone
nt that needs `useState
`. This React Hook only
 works in a Client Comp
onent. To fix, mark the
 file (or its parent) w
ith the `"use client"` 
directive.
  [31m|[0m
  [31m|[0m  Learn mor
e: https://nextjs.org/d
ocs/app/api-reference/d
irectives/use-client
  [31m|[0m

   ,-[[36;1;4mC:\Users
\源?명삎\Desktop\create_c
ommunity\src\app\page.t
sx[0m:1:1]
 [2m1[0m | import { u
seState, useEffect } fr
om 'react'
   : [35;1m         ^^
^^^^^^[0m
 [2m2[0m | import Pop
ularDeals from '@/compo
nents/PopularDeals/Popu
larDeals'
 [2m3[0m | import Dea
lList from '@/component
s/DealList/DealList'
 [2m4[0m | import { d
ealService } from '@/fe
atures/deals/dealServic
e'
   `----
  [31mx[0m You're imp
orting a component that
 needs `useEffect`. Thi
s React Hook only works
 in a Client Component.
 To fix, mark the file 
(or its parent) with th
e `"use client"` direct
ive.
  [31m|[0m
  [31m|[0m  Learn mor
e: https://nextjs.org/d
ocs/app/api-reference/d
irectives/use-client
  [31m|[0m

   ,-[[36;1;4mC:\Users
\源?명삎\Desktop\create_c
ommunity\src\app\page.t
sx[0m:1:1]
 [2m1[0m | import { u
seState, useEffect } fr
om 'react'
   : [35;1m           
        ^^^^^^^^^[0m
 [2m2[0m | import Pop
ularDeals from '@/compo
nents/PopularDeals/Popu
larDeals'
 [2m3[0m | import Dea
lList from '@/component
s/DealList/DealList'
 [2m4[0m | import { d
ealService } from '@/fe
atures/deals/dealServic
e'
   `----

Import trace for reques
ted module:
./src/app/page.tsx


> Build failed because 
of webpack errors
