src/app/admin/create-deal/page.tsx(299,137): error TS2339: Property 'style' does not exist on type 'EventTarget'.
